     .,                   'SRT_FILE'
     .,                   'LST_FILE'
     .,                   'EQ_FILE'  
     .,                   'MAKE_SVS'  
     .,                   'SRT_DIR '
     .,                   'USE_PRNN'
     .,                   'APR_FILE'
     .,                   'SOL_FILE'
     .,                   'BAK_FILE'
     .,                   'APR_AXO '
     .,                   'BAK_PRTS'
     .,                   'APR_GAM '
     .,                   'APR_NANG'
     .,                   'APR_NCOE'
     .,                   'APR_RAO '
     .,                   'APR_SITE'
     .,                   'APR_SOUR'
     .,                   'APR_TID '
     .,                   'AMR_TRAN'
     .,                   'APR_WOB '
     .,                   'APR_UT1 '
     .,                   'MAR_AXO '
     .,                   'MAR_NANG'
     .,                   'MAR_SITE'
     .,                   'MAR_SOUR'
     .,                   'MAR_WOB '
     .,                   'MAR_UT1 '
     .,                   'VAL_AXO '
     .,                   'VAL_ETD '
     .,                   'VAL_NCOE'
     .,                   'VAL_WOB '
     .,                   'VAL_UT1 '
     .,                   'COMP_RES'
     .,                   'OUT_PMU '
     .,                   'OUT_NUT '
     .,                   'OUT_GLB '
     .,                   'OUT_APR '
     .,                   'BAK_OPTS'
     .,                   'FCN_PER '
     .,                   'DESCRIPT' 
     .,                   'CRT_OPT '
     .,                   'PRT_OPT ' 
     .,                   'USE_SITE' 
     .,                   'USE_SOUR' 
     .,                   'APR_UANG'
     .,                   'APR_XYAN' 
     .,                   'APR_ETD '
     .,                   'APR_SVS '
     .,                   'MAR_UANG'
     .,                   'MAR_XYAN'
     .,                   'MAR_ETD '
     .,                   'MAR_SVS '
     .,                   'APR_UCOE'
     .,                   'APR_XYCO'
     .,                   'APR_ECOE'
     .,                   'SVS_FILE'
     .,                   'GLB_TIDE' 
     .,                   'IN_NUT  '
     .,                   'IN_PLAN '
     .,                   'IN_PMU  '
     .,                   'IN_SD   '
     .,                   'APR_NEU '
     .,                   'MAR_NEU '
     .,                   'SVS_MARF'
     .,                   'APR_RAD '
     .,                   'MAR_RAD '
     .,                   'MAX_CHII'
     .,                   'USE_POS '
     .,                   'USE_NUM '
     .,                   'APR_TRAN'
     .,                   'MAR_TRAN'
     .,                   'APR_SCAL'
     .,                   'MAR_SCAL'
     .,                   'ORG_OPT '
     .,                   'ORG_CMD '
     .,                   'ORG_OUT '
     .,                   'NO_DIRCP'
     .,                   'SOURCE  '
     .,                   'RAD_RESE'
     .,                   'APR_SVAN'
     .,                   'MAR_SVAN'
     .,                   'VAL_SVAN'
     .,                   'MUL_PMU '
     .,                   'APP_PTID'
     .,                   'APR_ROT '
     .,                   'MAR_ROT '
     .,                   'EP_TOL  '
     .,                   'IRW_MOD '
     .,                   'SIG_NEU'
     .,                   'UNI_WGHT'
     .,                   'DECIMATE'
     .,                   'GLB_OPT '
     .,                   'APR_ATM '
     .,                   'MAR_ATM '
     .,                   'DEL_SCRA'
     .,                   'FREE_LOG'
     .,                   'APP_MODL'
     .,                   'DUMMY099'
     .,                   'DUMMY100' /
     .,                   'RADIAL_DIUR_A- '
     .,                   'EAST_DIUR_A+   '
     .,                   'EAST_DIUR_A-   '
     .,                   'NORTH_DIUR_A+  '
     .,                   'NORTH_DIUR_A-  '
     .,                   'RADIAL_SEMI_A+ '
     .,                   'RADIAL_SEMI_A- '
     .,                   'EAST_SEMI_A+   '
     .,                   'EAST_SEMI_A-   '
     .,                   'NORTH_SEMI_A+  '
     .,                   'NORTH_SEMI_A-  ' /
     .,                   'SLOPE_EPS '
     .,                   'FCN_PSI   '
     .,                   'FCN_EPS   '
     .,                   '18Y_PSI   '
     .,                   '18Y_EPS   '
     .,                   '182.6D_PSI'
     .,                   '182.6D_EPS'
     .,                   '13.7D_PSI '
     .,                   '13.7D_EPS '
     .,                   '9YR_PSI   '
     .,                   '9YR_EPS   '
     .,                   '365.3D_PSI'
     .,                   '365.3D_EPS'
     .,                   '27.6D_PSI '
     .,                   '27.6D_EPS '
     .,                   '121.7D_PSI'
     .,                   '121.7D_EPS'
     .,                   '13.6D_PSI '
     .,                   '13.6D_EPS '
     .,                   '9.1D_PSI  '
     .,                   '9.1D_EPS  '
     .,                   '365.2D_PSI'
     .,                   '365.2D_EPS'
     .,                   '31.8D_PSI '
     .,                   '31.8D_EPS '
     .,                   '177.8D_PSI'
     .,                   '177.8D_EPS'
     .,                   '27.1D_PSI '
     .,                   '27.1D_EPS ' /
     .,                   'FCN       '
     .,                   '18.6_YR   '
     .,                   '182.6_DAY '
     .,                   '13.66_DAY '
     .,                   '9.3_YR    '
     .,                   '365.26_DAY'
     .,                   '27.6_DAY  '
     .,                   '121.7_DAY '
     .,                   '13.62_DAY '
     .,                   '9.1_DAY   '
     .,                   '365.2_DAY '
     .,                   '31.8_DAY  '
     .,                   '177.8_DAY '
     .,                   '27.1_DAY  ' /
     .,                   'UT1_DIUR_A-  '
     .,                   'UT1_SEMI_A+  '
     .,                   'UT1_SEMI_A-  ' /
     .,                   'XY_PRO_DIUR_A- ' 
     .,                   'XY_RET_SEMI_A+ '
     .,                   'XY_RET_SEMI_A- '
     .,                   'XY_PRO_SEMI_A+ '
     .,                   'XY_PRO_SEMI_A- '  /
