 
Input options -expt eura -gnss C -s 2018 095 097 -pres ELEV -orbit codm -copt k p -dopts c ao
 
Processing 2018 095 GPS week 1995 4 Using node: prey Started at: 18_06_03_07:12:45
 
Processing directory: /net/chandler/data30/rwk/stdrel/test_install/2018/095C
Disk Usage:  253401  Free  213753 Mbyte. Used 55%
  
Number of stations used 10 Total xfiles 10
Sites excluded by xsite command 
  
Postfit RMS rms, total and by satellite
RMS  IT Site   All   06   07   08   09   10   11   12   13   14
RMS  30 ALL    6.8   75   83   85   61   71   66   61   69   61
Best and Worst two sites:
RMS  30 MAS1   2.9    0    0    0    0    0    3    3    0    2
RMS  30 KOUR   3.5    0    0    0    0    0    4    4    0    1
RMS  30 DJIG   7.7   10   11   10    7    8    7    6    7    6
RMS  30 MAL2   8.2   10   12   10    7    8    9    8    7    8
 
Double difference statistics
 Prefit nrms:  0.14731E+01    Postfit nrms: 0.25588E+00
 Prefit nrms:  0.14699E+01    Postfit nrms: 0.26256E+00
 Prefit nrms:  0.14731E+01    Postfit nrms: 0.25488E+00
 Prefit nrms:  0.14699E+01    Postfit nrms: 0.26153E+00
 Number of double differences:   7481
 
 Phase ambiguities (Total  WL-fixed   NL-fixed): 56 47 32  AUTCLN (Total Expected)  56 56
 Phase ambiguities WL fixed  83.9% NL fixed  57.1% 
 
List of sites updated in the tables lfile. based on adjustments to coordinates > .3 m in the Prefit Solution
KOUR GEOC LAT   -0.4500
KOUR GEOC LONG  0.6237
 KOUR_8PS  3839591.95238 -5059567.37751   579956.78045   -0.00538   -0.00131    0.01287 2018.2589  Updated from leura8.095 UpdatedApr
 
Processing 2018 095 GPS week 1995 4 Using node: prey Finished at: 18_06_03_07:15:17
